[2026-09-25T09:02:54.288Z] [INFO] Detectados 2 monitor(es) físicos
[2026-09-25T09:02:54.292Z] [INFO] Detectados 2 monitor(es) físicos
[2026-09-25T09:02:54.296Z] [INFO] Capturadas 2 fontes de vídeo (2 telas, 0 janelas)
[2026-09-25T09:02:54.297Z] [INFO] Capturadas 2 fontes de vídeo (2 telas, 0 janelas)
[2026-09-25T09:02:54.316Z] [INFO] Fonte de vídeo selecionada: screen:0:0
[2026-09-25T09:02:54.317Z] [INFO] Fonte de vídeo selecionada: screen:0:0
[2026-09-25T09:10:33.686Z] [INFO] Detectados 2 monitor(es) físicos
[2026-09-25T09:10:33.689Z] [INFO] Detectados 2 monitor(es) físicos
[2026-09-25T09:10:33.693Z] [INFO] Capturadas 2 fontes de vídeo (2 telas, 0 janelas)
[2026-09-25T09:10:33.694Z] [INFO] Capturadas 2 fontes de vídeo (2 telas, 0 janelas)
[2026-09-25T09:10:33.714Z] [INFO] Fonte de vídeo selecionada: screen:0:0
[2026-09-25T09:10:33.715Z] [INFO] Fonte de vídeo selecionada: screen:0:0
[2026-09-26T00:37:09.528Z] [INFO] Detectados 2 monitor(es) físicos
[2026-09-26T00:37:09.538Z] [INFO] Detectados 2 monitor(es) físicos
[2026-09-26T00:37:09.546Z] [INFO] Capturadas 2 fontes de vídeo (2 telas, 0 janelas)
[2026-09-26T00:37:09.548Z] [INFO] Capturadas 2 fontes de vídeo (2 telas, 0 janelas)
[2026-09-26T00:37:09.561Z] [INFO] Fonte de vídeo selecionada: screen:0:0
[2026-09-26T00:37:09.563Z] [INFO] Fonte de vídeo selecionada: screen:0:0
[2026-09-26T00:39:39.758Z] [INFO] Detectados 2 monitor(es) físicos
[2026-09-26T00:39:39.761Z] [INFO] Detectados 2 monitor(es) físicos
[2026-09-26T00:39:39.771Z] [INFO] Capturadas 2 fontes de vídeo (2 telas, 0 janelas)
[2026-09-26T00:39:39.772Z] [INFO] Capturadas 2 fontes de vídeo (2 telas, 0 janelas)
[2026-09-26T00:39:39.783Z] [INFO] Fonte de vídeo selecionada: screen:0:0
[2026-09-26T00:39:39.784Z] [INFO] Fonte de vídeo selecionada: screen:0:0
[2026-09-26T00:43:31.566Z] [INFO] Detectados 2 monitor(es) físicos
[2026-09-26T00:43:31.571Z] [INFO] Detectados 2 monitor(es) físicos
[2026-09-26T00:43:31.573Z] [INFO] Capturadas 2 fontes de vídeo (2 telas, 0 janelas)
[2026-09-26T00:43:31.573Z] [INFO] Capturadas 2 fontes de vídeo (2 telas, 0 janelas)
[2026-09-26T00:43:31.585Z] [INFO] Fonte de vídeo selecionada: screen:0:0
[2026-09-26T00:43:31.586Z] [INFO] Fonte de vídeo selecionada: screen:0:0
[2026-09-26T00:44:11.813Z] [INFO] Detectados 2 monitor(es) físicos
[2026-09-26T00:44:11.816Z] [INFO] Detectados 2 monitor(es) físicos
[2026-09-26T00:44:12.113Z] [INFO] Capturadas 7 fontes de vídeo (2 telas, 5 janelas)
[2026-09-26T00:44:12.135Z] [INFO] Capturadas 7 fontes de vídeo (2 telas, 5 janelas)
[2026-09-26T00:44:12.156Z] [INFO] Fonte de vídeo selecionada: screen:0:0
[2026-09-26T00:44:12.157Z] [INFO] Fonte de vídeo selecionada: screen:0:0
[2026-09-26T00:44:23.095Z] [INFO] Modo Sniper iniciado pelo usuário
[2026-09-26T00:44:27.332Z] [INFO] Região de recorte aplicada: 466x440 em (1400, 503)
[2026-09-26T00:44:57.124Z] [INFO] Modo Sniper iniciado pelo usuário
[2026-09-26T00:44:59.099Z] [INFO] Região de recorte aplicada: 363x432 em (368, 352)
[2026-09-26T00:45:02.108Z] [INFO] Modo Sniper iniciado pelo usuário
[2026-09-26T00:45:03.101Z] [INFO] Região de recorte aplicada: 558x540 em (393, 231)
[2026-09-26T00:45:10.308Z] [INFO] Movendo janela do Visualizador para monitor 3694042445 (fullscreen=false)
[2026-09-26T00:45:19.828Z] [INFO] Modo Sniper iniciado pelo usuário
[2026-09-26T00:45:22.214Z] [INFO] Região de recorte aplicada: 1593x758 em (100, 270)
[2026-09-26T00:45:27.819Z] [INFO] Fonte de vídeo selecionada: window:131820:0
[2026-09-26T00:45:30.459Z] [INFO] Fonte de vídeo selecionada: screen:0:0
[2026-09-26T00:45:31.876Z] [INFO] Fonte de vídeo selecionada: screen:1:0
[2026-09-26T00:45:37.027Z] [INFO] Modo Sniper iniciado pelo usuário
[2026-09-26T00:45:39.346Z] [INFO] Região de recorte aplicada: 1008x686 em (300, 170)
[2026-09-26T00:46:12.268Z] [INFO] Recorte resetado para tela inteira
[2026-09-26T00:46:31.340Z] [INFO] Movendo janela do Visualizador para monitor 3953700089 (fullscreen=false)
[2026-09-26T00:46:34.076Z] [INFO] Movendo janela do Visualizador para monitor 3694042445 (fullscreen=false)
[2026-09-26T00:46:37.140Z] [INFO] Modo Sniper iniciado pelo usuário
[2026-09-26T00:46:38.694Z] [INFO] Região de recorte aplicada: 1098x570 em (300, 270)
[2026-09-26T00:46:46.757Z] [INFO] Capturadas 7 fontes de vídeo (2 telas, 5 janelas)
[2026-09-26T00:46:52.364Z] [INFO] Fonte de vídeo selecionada: window:131820:0
[2026-09-26T00:46:56.532Z] [INFO] Fonte de vídeo selecionada: screen:0:0
[2026-09-26T00:50:49.630Z] [INFO] Detectados 2 monitor(es) físicos
[2026-09-26T00:50:49.631Z] [INFO] Detectados 2 monitor(es) físicos
[2026-09-26T00:50:49.633Z] [INFO] Capturadas 2 fontes de vídeo (2 telas, 0 janelas)
[2026-09-26T00:50:49.634Z] [INFO] Capturadas 2 fontes de vídeo (2 telas, 0 janelas)
[2026-09-26T00:50:49.647Z] [INFO] Fonte de vídeo selecionada: screen:0:0
[2026-09-26T00:50:49.648Z] [INFO] Fonte de vídeo selecionada: screen:0:0
[2026-09-26T00:52:33.983Z] [INFO] Detectados 2 monitor(es) físicos
[2026-09-26T00:52:33.987Z] [INFO] Detectados 2 monitor(es) físicos
[2026-09-26T00:52:33.990Z] [INFO] Capturadas 2 fontes de vídeo (2 telas, 0 janelas)
[2026-09-26T00:52:33.991Z] [INFO] Capturadas 2 fontes de vídeo (2 telas, 0 janelas)
[2026-09-26T00:52:34.004Z] [INFO] Fonte de vídeo selecionada: screen:0:0
[2026-09-26T00:52:34.004Z] [INFO] Fonte de vídeo selecionada: screen:0:0
[2026-09-26T00:53:39.675Z] [INFO] Detectados 2 monitor(es) físicos
[2026-09-26T00:53:39.679Z] [INFO] Detectados 2 monitor(es) físicos
[2026-09-26T00:53:39.972Z] [INFO] Capturadas 7 fontes de vídeo (2 telas, 5 janelas)
[2026-09-26T00:53:39.994Z] [INFO] Capturadas 7 fontes de vídeo (2 telas, 5 janelas)
[2026-09-26T00:53:40.018Z] [INFO] Fonte de vídeo selecionada: screen:0:0
[2026-09-26T00:53:40.019Z] [INFO] Fonte de vídeo selecionada: screen:0:0
[2026-09-26T00:53:49.020Z] [DEBUG] Nova anotação adicionada: rect (total: 1)
[2026-09-26T00:53:53.956Z] [INFO] Anotações limpas
[2026-09-26T00:53:58.172Z] [DEBUG] Nova anotação adicionada: arrow (total: 1)
[2026-09-26T00:54:29.349Z] [DEBUG] Nova anotação adicionada: text (total: 2)
[2026-09-26T00:54:35.012Z] [DEBUG] Nova anotação adicionada: highlighter (total: 3)
[2026-09-26T00:54:36.828Z] [INFO] Anotações limpas
[2026-09-26T00:54:53.179Z] [INFO] Movendo janela do Visualizador para monitor 3694042445 (fullscreen=false)
[2026-09-26T00:55:04.361Z] [INFO] Capturadas 7 fontes de vídeo (2 telas, 5 janelas)
[2026-09-26T00:59:45.132Z] [INFO] Detectados 2 monitor(es) físicos
[2026-09-26T00:59:45.137Z] [INFO] Detectados 2 monitor(es) físicos
[2026-09-26T00:59:45.386Z] [INFO] Capturadas 7 fontes de vídeo (2 telas, 5 janelas)
[2026-09-26T00:59:45.405Z] [INFO] Capturadas 7 fontes de vídeo (2 telas, 5 janelas)
[2026-09-26T00:59:45.427Z] [INFO] Fonte de vídeo selecionada: screen:0:0
[2026-09-26T00:59:45.428Z] [INFO] Fonte de vídeo selecionada: screen:0:0
[2026-09-26T00:59:50.380Z] [INFO] Fonte de vídeo selecionada: screen:1:0
[2026-09-26T00:59:53.461Z] [INFO] Fonte de vídeo selecionada: screen:0:0
[2026-09-26T00:59:56.029Z] [INFO] Fonte de vídeo selecionada: screen:1:0
[2026-09-26T00:59:59.443Z] [INFO] Modo Sniper iniciado pelo usuário
[2026-09-26T01:00:00.685Z] [INFO] Região de recorte aplicada: 697x552 em (478, 253)
[2026-09-26T01:00:02.012Z] [INFO] Modo Sniper iniciado pelo usuário
[2026-09-26T01:00:05.171Z] [INFO] Modo Sniper iniciado pelo usuário
[2026-09-26T01:00:10.209Z] [INFO] Região de recorte aplicada: 478x431 em (899, 237)
[2026-09-26T01:04:28.928Z] [INFO] Detectados 2 monitor(es) físicos
[2026-09-26T01:04:28.929Z] [INFO] Detectados 2 monitor(es) físicos
[2026-09-26T01:04:28.935Z] [INFO] Capturadas 2 fontes de vídeo (2 telas, 0 janelas)
[2026-09-26T01:04:28.936Z] [INFO] Capturadas 2 fontes de vídeo (2 telas, 0 janelas)
[2026-09-26T01:04:28.970Z] [INFO] Fonte de vídeo selecionada: screen:0:0
[2026-09-26T01:04:28.971Z] [INFO] Fonte de vídeo selecionada: screen:0:0
[2026-09-26T01:05:18.101Z] [ERROR] [Renderer] Erro de interface: Uncaught NotFoundError: Failed to execute 'removeChild' on 'Node': The node to be removed is not a child of this node. | Meta: {"filename":"http://localhost:5173/@fs/D:/Aincrad/Development/screen-mirror-app/node_modules/.vite/deps/chunk-SVG7M4VJ.js?v=bd601029","lineno":16716,"colno":15}
[2026-09-26T01:05:18.105Z] [ERROR] [Renderer] Erro de interface: Uncaught NotFoundError: Failed to execute 'removeChild' on 'Node': The node to be removed is not a child of this node. | Meta: {"filename":"http://localhost:5173/@fs/D:/Aincrad/Development/screen-mirror-app/node_modules/.vite/deps/chunk-SVG7M4VJ.js?v=bd601029","lineno":16716,"colno":15}
[2026-09-26T01:05:18.275Z] [INFO] Detectados 2 monitor(es) físicos
[2026-09-26T01:05:18.276Z] [INFO] Detectados 2 monitor(es) físicos
[2026-09-26T01:05:18.277Z] [INFO] Detectados 2 monitor(es) físicos
[2026-09-26T01:05:18.278Z] [INFO] Detectados 2 monitor(es) físicos
[2026-09-26T01:05:18.279Z] [ERROR] [Renderer] Promessa não tratada na UI: NotFoundError: Failed to execute 'removeChild' on 'Node': The node to be removed is not a child of this node.
[2026-09-26T01:05:18.282Z] [INFO] Capturadas 2 fontes de vídeo (2 telas, 0 janelas)
[2026-09-26T01:05:18.283Z] [INFO] Capturadas 2 fontes de vídeo (2 telas, 0 janelas)
[2026-09-26T01:05:18.283Z] [INFO] Capturadas 2 fontes de vídeo (2 telas, 0 janelas)
[2026-09-26T01:05:18.283Z] [INFO] Capturadas 2 fontes de vídeo (2 telas, 0 janelas)
[2026-09-26T01:05:18.297Z] [INFO] Fonte de vídeo selecionada: screen:0:0
[2026-09-26T01:05:18.298Z] [INFO] Fonte de vídeo selecionada: screen:0:0
[2026-09-26T01:05:18.298Z] [INFO] Fonte de vídeo selecionada: screen:0:0
[2026-09-26T01:05:18.300Z] [INFO] Fonte de vídeo selecionada: screen:0:0
[2026-09-26T01:06:43.831Z] [INFO] Detectados 2 monitor(es) físicos
[2026-09-26T01:06:43.832Z] [INFO] Detectados 2 monitor(es) físicos
[2026-09-26T01:06:43.834Z] [INFO] Capturadas 2 fontes de vídeo (2 telas, 0 janelas)
[2026-09-26T01:06:43.835Z] [INFO] Capturadas 2 fontes de vídeo (2 telas, 0 janelas)
[2026-09-26T01:06:43.848Z] [INFO] Fonte de vídeo selecionada: screen:0:0
[2026-09-26T01:06:43.849Z] [INFO] Fonte de vídeo selecionada: screen:0:0
[2026-09-26T01:07:32.461Z] [INFO] Detectados 2 monitor(es) físicos
[2026-09-26T01:07:32.465Z] [INFO] Detectados 2 monitor(es) físicos
[2026-09-26T01:07:32.473Z] [INFO] Capturadas 2 fontes de vídeo (2 telas, 0 janelas)
[2026-09-26T01:07:32.475Z] [INFO] Capturadas 2 fontes de vídeo (2 telas, 0 janelas)
[2026-09-26T01:07:32.493Z] [INFO] Fonte de vídeo selecionada: screen:0:0
[2026-09-26T01:07:32.494Z] [INFO] Fonte de vídeo selecionada: screen:0:0
[2026-09-26T01:07:54.244Z] [INFO] Detectados 2 monitor(es) físicos
[2026-09-26T01:07:54.248Z] [INFO] Detectados 2 monitor(es) físicos
[2026-09-26T01:07:54.539Z] [INFO] Capturadas 7 fontes de vídeo (2 telas, 5 janelas)
[2026-09-26T01:07:54.561Z] [INFO] Capturadas 7 fontes de vídeo (2 telas, 5 janelas)
[2026-09-26T01:07:54.583Z] [INFO] Fonte de vídeo selecionada: screen:0:0
[2026-09-26T01:07:54.584Z] [INFO] Fonte de vídeo selecionada: screen:0:0
[2026-09-26T01:07:59.269Z] [INFO] Modo Sniper iniciado pelo usuário em todos os monitores
[2026-09-26T01:08:01.014Z] [INFO] Região de recorte aplicada: 561x515 em (1134, 332) displayId=3953700089
[2026-09-26T01:08:01.023Z] [INFO] Alternando automaticamente fonte de captura para screen:1:0 (Monitor 2)
[2026-09-26T01:08:03.892Z] [INFO] Modo Sniper iniciado pelo usuário em todos os monitores
[2026-09-26T01:08:05.504Z] [INFO] Região de recorte aplicada: 678x617 em (1158, 354) displayId=3694042445
[2026-09-26T01:08:05.505Z] [INFO] Alternando automaticamente fonte de captura para screen:0:0 (Monitor 1)
[2026-09-26T01:15:58.657Z] [INFO] Detectados 2 monitor(es) físicos
[2026-09-26T01:15:58.661Z] [INFO] Detectados 2 monitor(es) físicos
[2026-09-26T01:15:58.908Z] [INFO] Capturadas 7 fontes de vídeo (2 telas, 5 janelas)
[2026-09-26T01:15:58.929Z] [INFO] Capturadas 7 fontes de vídeo (2 telas, 5 janelas)
[2026-09-26T01:15:58.951Z] [INFO] Fonte de vídeo selecionada: screen:0:0
[2026-09-26T01:15:58.952Z] [INFO] Fonte de vídeo selecionada: screen:0:0
[2026-09-26T01:16:01.332Z] [INFO] Modo Sniper iniciado pelo usuário em todos os monitores
[2026-09-26T01:16:03.551Z] [INFO] Região de recorte aplicada: 1152x769 em (419, 169) displayId=3694042445
[2026-09-26T01:16:13.027Z] [INFO] Modo Sniper iniciado pelo usuário em todos os monitores
[2026-09-26T01:16:17.307Z] [INFO] Modo Sniper cancelado
[2026-09-26T01:16:25.603Z] [DEBUG] Nova anotação adicionada: arrow (total: 1)
[2026-09-26T01:20:08.392Z] [INFO] Detectados 2 monitor(es) físicos
[2026-09-26T01:20:08.398Z] [INFO] Detectados 2 monitor(es) físicos
[2026-09-26T01:20:08.650Z] [INFO] Capturadas 7 fontes de vídeo (2 telas, 5 janelas)
[2026-09-26T01:20:08.670Z] [INFO] Capturadas 7 fontes de vídeo (2 telas, 5 janelas)
[2026-09-26T01:20:08.690Z] [INFO] Fonte de vídeo selecionada: screen:0:0
[2026-09-26T01:20:08.691Z] [INFO] Fonte de vídeo selecionada: screen:0:0
[2026-09-26T01:20:20.980Z] [DEBUG] Nova anotação adicionada: arrow (total: 1)
[2026-09-26T01:20:23.284Z] [DEBUG] Nova anotação adicionada: arrow (total: 2)
[2026-09-26T01:20:26.500Z] [DEBUG] Nova anotação adicionada: arrow (total: 3)
[2026-09-26T01:20:29.259Z] [DEBUG] Nova anotação adicionada: arrow (total: 4)
[2026-09-26T01:20:34.547Z] [DEBUG] Nova anotação adicionada: highlighter (total: 5)
[2026-09-26T01:20:35.956Z] [INFO] Anotações limpas
[2026-09-26T01:20:44.700Z] [DEBUG] Nova anotação adicionada: highlighter (total: 1)
[2026-09-26T01:21:35.925Z] [INFO] Detectados 2 monitor(es) físicos
[2026-09-26T01:21:35.929Z] [INFO] Detectados 2 monitor(es) físicos
[2026-09-26T01:21:36.175Z] [INFO] Capturadas 7 fontes de vídeo (2 telas, 5 janelas)
[2026-09-26T01:21:36.197Z] [INFO] Capturadas 7 fontes de vídeo (2 telas, 5 janelas)
[2026-09-26T01:21:36.228Z] [INFO] Fonte de vídeo selecionada: screen:0:0
[2026-09-26T01:21:36.229Z] [INFO] Fonte de vídeo selecionada: screen:0:0
[2026-09-26T01:21:42.661Z] [INFO] Fonte de vídeo selecionada: screen:1:0
[2026-09-26T01:21:46.077Z] [INFO] Fonte de vídeo selecionada: screen:0:0
[2026-09-26T01:21:54.348Z] [INFO] Movendo janela do Visualizador para monitor 3694042445 (fullscreen=false)
[2026-09-26T01:21:59.308Z] [INFO] Movendo janela do Visualizador para monitor 3953700089 (fullscreen=false)
[2026-09-26T01:22:01.917Z] [INFO] Capturadas 7 fontes de vídeo (2 telas, 5 janelas)
[2026-09-26T01:22:02.908Z] [INFO] Fonte de vídeo selecionada: window:131820:0
[2026-09-26T01:22:07.396Z] [INFO] Fonte de vídeo selecionada: screen:0:0
[2026-09-26T01:22:10.420Z] [INFO] Fonte de vídeo selecionada: window:131820:0
[2026-09-26T01:22:13.533Z] [INFO] Fonte de vídeo selecionada: window:3737530:0
[2026-09-26T01:22:20.403Z] [INFO] Fonte de vídeo selecionada: screen:0:0
[2026-09-26T01:22:22.429Z] [INFO] Fonte de vídeo selecionada: screen:1:0
[2026-09-26T01:22:22.819Z] [INFO] Fonte de vídeo selecionada: window:131820:0
[2026-09-26T01:22:26.317Z] [INFO] Fonte de vídeo selecionada: window:132390:0
[2026-09-26T01:22:44.996Z] [INFO] Capturadas 8 fontes de vídeo (2 telas, 6 janelas)
[2026-09-26T01:22:46.133Z] [INFO] Fonte de vídeo selecionada: window:68142:0
[2026-09-26T01:24:27.773Z] [INFO] Capturadas 2 fontes de vídeo (2 telas, 0 janelas)
[2026-09-26T01:24:49.161Z] [INFO] Capturadas 2 fontes de vídeo (2 telas, 0 janelas)
[2026-09-26T01:25:19.485Z] [INFO] Detectados 2 monitor(es) físicos
[2026-09-26T01:25:19.488Z] [INFO] Detectados 2 monitor(es) físicos
[2026-09-26T01:25:19.736Z] [INFO] Capturadas 7 fontes de vídeo (2 telas, 5 janelas)
[2026-09-26T01:25:19.756Z] [INFO] Capturadas 7 fontes de vídeo (2 telas, 5 janelas)
[2026-09-26T01:25:19.779Z] [INFO] Fonte de vídeo selecionada: screen:0:0
[2026-09-26T01:25:19.780Z] [INFO] Fonte de vídeo selecionada: screen:0:0
[2026-09-26T01:25:23.180Z] [INFO] Fonte de vídeo selecionada: window:131820:0
[2026-09-26T01:25:39.479Z] [INFO] Capturadas 8 fontes de vídeo (2 telas, 6 janelas)
[2026-09-26T01:25:40.629Z] [INFO] Fonte de vídeo selecionada: window:68142:0
[2026-09-26T01:26:00.020Z] [INFO] Fonte de vídeo selecionada: screen:0:0
[2026-09-26T01:29:13.628Z] [INFO] Detectados 2 monitor(es) físicos
[2026-09-26T01:29:13.632Z] [INFO] Detectados 2 monitor(es) físicos
[2026-09-26T01:29:13.927Z] [INFO] Capturadas 8 fontes de vídeo (2 telas, 6 janelas)
[2026-09-26T01:29:13.948Z] [INFO] Capturadas 8 fontes de vídeo (2 telas, 6 janelas)
[2026-09-26T01:29:13.970Z] [INFO] Fonte de vídeo selecionada: screen:0:0
[2026-09-26T01:29:13.971Z] [INFO] Fonte de vídeo selecionada: screen:0:0
[2026-09-26T01:29:26.724Z] [INFO] Modo Sniper iniciado pelo usuário em todos os monitores
[2026-09-26T01:29:32.928Z] [INFO] Região de recorte aplicada: 696x536 em (446, 219) displayId=3694042445
[2026-09-26T01:32:21.445Z] [INFO] Detectados 2 monitor(es) físicos
[2026-09-26T01:32:21.446Z] [INFO] Detectados 2 monitor(es) físicos
[2026-09-26T01:32:21.449Z] [INFO] Capturadas 2 fontes de vídeo (2 telas, 0 janelas)
[2026-09-26T01:32:21.450Z] [INFO] Capturadas 2 fontes de vídeo (2 telas, 0 janelas)
[2026-09-26T01:32:21.467Z] [INFO] Fonte de vídeo selecionada: screen:0:0
[2026-09-26T01:32:21.468Z] [INFO] Fonte de vídeo selecionada: screen:0:0
[2026-09-26T01:35:02.908Z] [INFO] Detectados 2 monitor(es) físicos
[2026-09-26T01:35:02.913Z] [INFO] Detectados 2 monitor(es) físicos
[2026-09-26T01:35:02.916Z] [INFO] Capturadas 2 fontes de vídeo (2 telas, 0 janelas)
[2026-09-26T01:35:02.916Z] [INFO] Capturadas 2 fontes de vídeo (2 telas, 0 janelas)
[2026-09-26T01:35:02.931Z] [INFO] Fonte de vídeo selecionada: screen:0:0
[2026-09-26T01:35:02.932Z] [INFO] Fonte de vídeo selecionada: screen:0:0
[2026-09-26T01:35:25.631Z] [INFO] Detectados 2 monitor(es) físicos
[2026-09-26T01:35:25.635Z] [INFO] Detectados 2 monitor(es) físicos
[2026-09-26T01:35:25.934Z] [INFO] Capturadas 8 fontes de vídeo (2 telas, 6 janelas)
[2026-09-26T01:35:25.957Z] [INFO] Capturadas 8 fontes de vídeo (2 telas, 6 janelas)
[2026-09-26T01:35:25.983Z] [INFO] Fonte de vídeo selecionada: screen:0:0
[2026-09-26T01:35:25.984Z] [INFO] Fonte de vídeo selecionada: screen:0:0
[2026-09-26T01:35:33.524Z] [INFO] Modo Sniper iniciado pelo usuário em todos os monitores (Transparência: 70%)
[2026-09-26T01:35:37.139Z] [INFO] Região de recorte aplicada: 371x822 em (299, 26) displayId=3694042445
[2026-09-26T01:41:47.023Z] [INFO] Servidor Screen Shared ativo em http://169.254.83.107:9876/screen_shared
[2026-09-26T01:42:40.466Z] [INFO] Detectados 2 monitor(es) físicos
[2026-09-26T01:42:40.468Z] [INFO] Detectados 2 monitor(es) físicos
[2026-09-26T01:42:40.470Z] [INFO] Capturadas 2 fontes de vídeo (2 telas, 0 janelas)
[2026-09-26T01:42:40.471Z] [INFO] Capturadas 2 fontes de vídeo (2 telas, 0 janelas)
[2026-09-26T01:42:40.496Z] [INFO] Fonte de vídeo selecionada: screen:0:0
[2026-09-26T01:42:40.498Z] [INFO] Fonte de vídeo selecionada: screen:0:0
[2026-09-26T01:46:56.463Z] [INFO] Servidor Screen Shared ativo em http://169.254.83.107:9876/screen_shared
[2026-09-26T01:47:11.576Z] [INFO] Servidor Screen Shared ativo em http://169.254.83.107:3000/screen_shared
[2026-09-26T01:47:13.638Z] [INFO] Detectados 2 monitor(es) físicos
[2026-09-26T01:47:13.640Z] [INFO] Detectados 2 monitor(es) físicos
[2026-09-26T01:47:13.644Z] [INFO] Capturadas 2 fontes de vídeo (2 telas, 0 janelas)
[2026-09-26T01:47:13.645Z] [INFO] Capturadas 2 fontes de vídeo (2 telas, 0 janelas)
[2026-09-26T01:47:13.659Z] [INFO] Fonte de vídeo selecionada: screen:0:0
[2026-09-26T01:47:13.660Z] [INFO] Fonte de vídeo selecionada: screen:0:0
[2026-09-26T01:48:18.643Z] [WARN] Porta 3000 já em uso. Tentando porta 3001...
[2026-09-26T01:48:18.650Z] [INFO] Servidor Screen Shared ativo em http://169.254.83.107:3001/screen_shared
[2026-09-26T01:48:24.895Z] [INFO] Detectados 2 monitor(es) físicos
[2026-09-26T01:48:24.897Z] [INFO] Detectados 2 monitor(es) físicos
[2026-09-26T01:48:25.201Z] [INFO] Capturadas 9 fontes de vídeo (2 telas, 7 janelas)
[2026-09-26T01:48:25.221Z] [INFO] Capturadas 9 fontes de vídeo (2 telas, 7 janelas)
[2026-09-26T01:48:25.243Z] [INFO] Fonte de vídeo selecionada: screen:0:0
[2026-09-26T01:48:25.244Z] [INFO] Fonte de vídeo selecionada: screen:0:0
[2026-09-26T01:48:55.877Z] [INFO] Solicitação de acesso web recebida: "Alyson" de 169.254.83.107
[2026-09-26T01:48:59.108Z] [INFO] Usuário web aprovado pelo host: "Alyson" (169.254.83.107)
[2026-09-26T01:49:12.292Z] [INFO] Modo Sniper iniciado pelo usuário em todos os monitores (Transparência: 70%)
[2026-09-26T01:49:14.057Z] [INFO] Região de recorte aplicada: 793x837 em (217, 29) displayId=3694042445
[2026-09-26T01:52:02.925Z] [INFO] Fonte de vídeo selecionada: screen:1:0
[2026-09-26T01:52:03.942Z] [INFO] Fonte de vídeo selecionada: screen:0:0
[2026-09-26T01:52:13.164Z] [INFO] Recorte resetado para tela inteira
[2026-09-26T01:53:12.255Z] [INFO] Solicitação de acesso web recebida: "Teste" de 192.168.18.38
[2026-09-26T01:53:19.028Z] [INFO] Usuário web aprovado pelo host: "Teste" (192.168.18.38)
[2026-09-26T01:54:15.678Z] [INFO] Cliente web desconectou: "Alyson" (169.254.83.107)
[2026-09-26T01:54:35.044Z] [DEBUG] Nova anotação adicionada: arrow (total: 1)
[2026-09-26T01:54:40.379Z] [DEBUG] Nova anotação adicionada: rect (total: 2)
[2026-09-26T02:00:47.024Z] [WARN] Porta 3000 já em uso. Tentando porta 3001...
[2026-09-26T02:00:47.031Z] [INFO] Servidor Screen Shared ativo em http://169.254.83.107:3001/screen_shared
[2026-09-26T02:00:53.263Z] [INFO] Detectados 2 monitor(es) físicos
[2026-09-26T02:00:53.265Z] [INFO] Detectados 2 monitor(es) físicos
[2026-09-26T02:00:53.578Z] [INFO] Capturadas 9 fontes de vídeo (2 telas, 7 janelas)
[2026-09-26T02:00:53.601Z] [INFO] Capturadas 9 fontes de vídeo (2 telas, 7 janelas)
[2026-09-26T02:00:53.626Z] [INFO] Fonte de vídeo selecionada: screen:0:0
[2026-09-26T02:00:53.628Z] [INFO] Fonte de vídeo selecionada: screen:0:0
[2026-09-26T02:07:48.704Z] [INFO] Servidor Screen Shared ativo em http://169.254.83.107:9876/screen_shared
[2026-09-26T02:08:11.356Z] [INFO] Servidor Screen Shared ativo em http://169.254.83.107:3000/screen_shared
[2026-09-26T02:08:12.625Z] [INFO] Detectados 2 monitor(es) físicos
[2026-09-26T02:08:12.627Z] [INFO] Detectados 2 monitor(es) físicos
[2026-09-26T02:08:12.635Z] [INFO] Capturadas 2 fontes de vídeo (2 telas, 0 janelas)
[2026-09-26T02:08:12.635Z] [INFO] Capturadas 2 fontes de vídeo (2 telas, 0 janelas)
[2026-09-26T02:08:12.649Z] [INFO] Fonte de vídeo selecionada: screen:0:0
[2026-09-26T02:08:12.650Z] [INFO] Fonte de vídeo selecionada: screen:0:0
[2026-09-26T02:08:43.255Z] [WARN] Porta 3000 já em uso. Tentando porta 3001...
[2026-09-26T02:08:43.262Z] [INFO] Servidor Screen Shared ativo em http://169.254.83.107:3001/screen_shared
[2026-09-26T02:08:49.482Z] [INFO] Detectados 2 monitor(es) físicos
[2026-09-26T02:08:49.484Z] [INFO] Detectados 2 monitor(es) físicos
[2026-09-26T02:08:49.768Z] [INFO] Capturadas 9 fontes de vídeo (2 telas, 7 janelas)
[2026-09-26T02:08:49.792Z] [INFO] Capturadas 9 fontes de vídeo (2 telas, 7 janelas)
[2026-09-26T02:08:49.821Z] [INFO] Fonte de vídeo selecionada: screen:0:0
[2026-09-26T02:08:49.822Z] [INFO] Fonte de vídeo selecionada: screen:0:0
[2026-09-26T02:08:58.892Z] [DEBUG] Nova anotação adicionada: arrow (total: 1)
[2026-09-26T02:08:59.964Z] [DEBUG] Nova anotação adicionada: arrow (total: 2)
[2026-09-26T02:09:17.123Z] [INFO] Solicitação de acesso web recebida: "Teste" de 192.168.18.38
[2026-09-26T02:09:23.860Z] [INFO] Usuário web aprovado pelo host: "Teste" (192.168.18.38)
[2026-09-26T02:09:43.854Z] [INFO] Solicitação de acesso web recebida: "Alyson" de 169.254.83.107
[2026-09-26T02:09:48.043Z] [INFO] Usuário web aprovado pelo host: "Alyson" (169.254.83.107)
[2026-09-26T02:09:56.462Z] [INFO] Anotações limpas
[2026-09-26T02:10:18.560Z] [INFO] Cliente web desconectou: "Alyson" (169.254.83.107)
[2026-09-26T02:14:55.024Z] [INFO] Servidor Screen Shared ativo em http://169.254.83.107:9876/screen_shared
[2026-09-26T02:15:18.402Z] [INFO] Servidor Screen Shared ativo em http://169.254.83.107:3000/screen_shared
[2026-09-26T02:15:19.714Z] [INFO] Detectados 2 monitor(es) físicos
[2026-09-26T02:15:19.715Z] [INFO] Detectados 2 monitor(es) físicos
[2026-09-26T02:15:19.718Z] [INFO] Capturadas 2 fontes de vídeo (2 telas, 0 janelas)
[2026-09-26T02:15:19.718Z] [INFO] Capturadas 2 fontes de vídeo (2 telas, 0 janelas)
[2026-09-26T02:15:19.732Z] [INFO] Fonte de vídeo selecionada: screen:0:0
[2026-09-26T02:15:19.733Z] [INFO] Fonte de vídeo selecionada: screen:0:0
[2026-09-26T02:15:47.037Z] [WARN] Porta 3000 já em uso. Tentando porta 3001...
[2026-09-26T02:15:47.045Z] [INFO] Servidor Screen Shared ativo em http://169.254.83.107:3001/screen_shared
[2026-09-26T02:15:53.291Z] [INFO] Detectados 2 monitor(es) físicos
[2026-09-26T02:15:53.293Z] [INFO] Detectados 2 monitor(es) físicos
[2026-09-26T02:15:53.578Z] [INFO] Capturadas 9 fontes de vídeo (2 telas, 7 janelas)
[2026-09-26T02:15:53.599Z] [INFO] Capturadas 9 fontes de vídeo (2 telas, 7 janelas)
[2026-09-26T02:15:53.622Z] [INFO] Fonte de vídeo selecionada: screen:0:0
[2026-09-26T02:15:53.623Z] [INFO] Fonte de vídeo selecionada: screen:0:0
[2026-09-26T02:17:34.753Z] [INFO] Solicitação de acesso web recebida: "Teste" de 192.168.18.38
[2026-09-26T02:19:08.133Z] [INFO] Usuário web aprovado pelo host: "Teste" (192.168.18.38)
[2026-09-26T02:19:33.720Z] [INFO] Solicitação de acesso web recebida: "Alyson" de 169.254.83.107
[2026-09-26T02:19:35.693Z] [INFO] Usuário web aprovado pelo host: "Alyson" (169.254.83.107)
[2026-09-26T02:20:00.164Z] [DEBUG] Nova anotação adicionada: arrow (total: 1)
[2026-09-26T02:20:02.805Z] [DEBUG] Nova anotação adicionada: arrow (total: 2)
[2026-09-26T02:20:04.979Z] [DEBUG] Nova anotação adicionada: arrow (total: 3)
[2026-09-26T02:20:08.612Z] [DEBUG] Nova anotação adicionada: arrow (total: 4)
[2026-09-26T02:20:10.677Z] [INFO] Anotações limpas
[2026-09-26T02:20:16.306Z] [DEBUG] Nova anotação adicionada: arrow (total: 1)
[2026-09-26T02:20:18.845Z] [DEBUG] Nova anotação adicionada: arrow (total: 2)
[2026-09-26T02:20:21.115Z] [DEBUG] Nova anotação adicionada: arrow (total: 3)
[2026-09-26T02:20:22.541Z] [INFO] Anotação desfeita (restantes: 2)
[2026-09-26T02:20:23.428Z] [INFO] Anotações limpas
[2026-09-26T02:20:24.237Z] [INFO] Usuário web desconectado pelo host: "Teste" (192.168.18.38)
[2026-09-26T02:20:24.900Z] [INFO] Usuário web desconectado pelo host: "Alyson" (169.254.83.107)
[2026-09-26T02:20:27.903Z] [DEBUG] Nova anotação adicionada: arrow (total: 1)
[2026-09-26T02:20:30.564Z] [DEBUG] Nova anotação adicionada: arrow (total: 2)
[2026-09-26T02:20:48.008Z] [INFO] Solicitação de acesso web recebida: "Alyson" de 169.254.83.107
[2026-09-26T02:20:51.108Z] [INFO] Usuário web aprovado pelo host: "Alyson" (169.254.83.107)
[2026-09-26T02:20:53.553Z] [INFO] Cliente web desconectou: "Alyson" (169.254.83.107)
[2026-09-26T02:20:54.594Z] [INFO] Solicitação de acesso web recebida: "Alyson" de 169.254.83.107
[2026-09-26T02:20:57.404Z] [INFO] Usuário web aprovado pelo host: "Alyson" (169.254.83.107)
[2026-09-26T02:21:22.509Z] [INFO] Solicitação de acesso web recebida: "Teste" de 192.168.18.38
[2026-09-26T02:21:24.445Z] [INFO] Usuário web aprovado pelo host: "Teste" (192.168.18.38)
[2026-09-26T02:21:28.082Z] [INFO] Cliente web desconectou: "Teste" (192.168.18.38)
[2026-09-26T02:21:29.516Z] [INFO] Solicitação de acesso web recebida: "Teste" de 192.168.18.38
[2026-09-26T02:21:31.181Z] [INFO] Usuário web aprovado pelo host: "Teste" (192.168.18.38)
[2026-09-26T02:23:49.124Z] [INFO] Servidor Screen Shared ativo em http://169.254.83.107:9876/screen_shared
[2026-09-26T02:24:06.491Z] [INFO] Servidor Screen Shared ativo em http://169.254.83.107:3000/screen_shared
[2026-09-26T02:24:07.721Z] [INFO] Detectados 2 monitor(es) físicos
[2026-09-26T02:24:07.723Z] [INFO] Detectados 2 monitor(es) físicos
[2026-09-26T02:24:07.726Z] [INFO] Capturadas 2 fontes de vídeo (2 telas, 0 janelas)
[2026-09-26T02:24:07.727Z] [INFO] Capturadas 2 fontes de vídeo (2 telas, 0 janelas)
[2026-09-26T02:24:07.739Z] [INFO] Fonte de vídeo selecionada: screen:0:0
[2026-09-26T02:24:07.740Z] [INFO] Fonte de vídeo selecionada: screen:0:0
[2026-09-26T02:25:14.100Z] [WARN] Porta 3000 já em uso. Tentando porta 3001...
[2026-09-26T02:25:14.107Z] [INFO] Servidor Screen Shared ativo em http://169.254.83.107:3001/screen_shared
[2026-09-26T02:25:20.331Z] [INFO] Detectados 2 monitor(es) físicos
[2026-09-26T02:25:20.332Z] [INFO] Detectados 2 monitor(es) físicos
[2026-09-26T02:25:20.621Z] [INFO] Capturadas 9 fontes de vídeo (2 telas, 7 janelas)
[2026-09-26T02:25:20.643Z] [INFO] Capturadas 9 fontes de vídeo (2 telas, 7 janelas)
[2026-09-26T02:25:20.665Z] [INFO] Fonte de vídeo selecionada: screen:0:0
[2026-09-26T02:25:20.666Z] [INFO] Fonte de vídeo selecionada: screen:0:0
[2026-09-26T02:25:54.475Z] [INFO] Solicitação de acesso web recebida: "Teste" de 192.168.18.38
[2026-09-26T02:26:01.974Z] [INFO] Usuário web aprovado pelo host: "Teste" (192.168.18.38)
[2026-09-26T02:26:11.764Z] [INFO] Cliente web desconectou: "Teste" (192.168.18.38)
[2026-09-26T02:28:29.412Z] [DEBUG] Nova anotação adicionada: arrow (total: 1)
[2026-09-26T02:28:31.921Z] [DEBUG] Nova anotação adicionada: arrow (total: 2)
[2026-09-26T02:28:34.619Z] [DEBUG] Nova anotação adicionada: arrow (total: 3)
[2026-09-26T02:28:43.084Z] [INFO] Anotações limpas
[2026-09-26T02:34:44.567Z] [INFO] Servidor Screen Shared ativo em http://169.254.83.107:9876/screen_shared
[2026-09-26T02:35:04.264Z] [INFO] Detectados 2 monitor(es) físicos
[2026-09-26T02:35:04.265Z] [INFO] Detectados 2 monitor(es) físicos
[2026-09-26T02:35:04.268Z] [INFO] Capturadas 2 fontes de vídeo (2 telas, 0 janelas)
[2026-09-26T02:35:04.269Z] [INFO] Capturadas 2 fontes de vídeo (2 telas, 0 janelas)
[2026-09-26T02:35:04.284Z] [INFO] Fonte de vídeo selecionada: screen:0:0
[2026-09-26T02:35:04.286Z] [INFO] Fonte de vídeo selecionada: screen:0:0
[2026-09-26T02:35:13.695Z] [INFO] Detectados 2 monitor(es) físicos
[2026-09-26T02:35:13.696Z] [INFO] Detectados 2 monitor(es) físicos
[2026-09-26T02:35:13.701Z] [INFO] Capturadas 2 fontes de vídeo (2 telas, 0 janelas)
[2026-09-26T02:35:13.702Z] [INFO] Capturadas 2 fontes de vídeo (2 telas, 0 janelas)
[2026-09-26T02:35:13.721Z] [INFO] Fonte de vídeo selecionada: screen:0:0
[2026-09-26T02:35:13.722Z] [INFO] Fonte de vídeo selecionada: screen:0:0
[2026-09-26T02:35:25.135Z] [INFO] Servidor Screen Shared ativo em http://169.254.83.107:9876/screen_shared
[2026-09-26T02:35:41.260Z] [INFO] Servidor Screen Shared ativo em http://169.254.83.107:3000/screen_shared
[2026-09-26T02:35:42.513Z] [INFO] Detectados 2 monitor(es) físicos
[2026-09-26T02:35:42.515Z] [INFO] Detectados 2 monitor(es) físicos
[2026-09-26T02:35:42.519Z] [INFO] Capturadas 2 fontes de vídeo (2 telas, 0 janelas)
[2026-09-26T02:35:42.519Z] [INFO] Capturadas 2 fontes de vídeo (2 telas, 0 janelas)
[2026-09-26T02:35:42.533Z] [INFO] Fonte de vídeo selecionada: screen:0:0
[2026-09-26T02:35:42.534Z] [INFO] Fonte de vídeo selecionada: screen:0:0
[2026-09-26T02:36:36.704Z] [WARN] Porta 3000 já em uso. Tentando porta 3001...
[2026-09-26T02:36:36.711Z] [INFO] Servidor Screen Shared ativo em http://169.254.83.107:3001/screen_shared
[2026-09-26T02:36:42.938Z] [INFO] Detectados 2 monitor(es) físicos
[2026-09-26T02:36:42.941Z] [INFO] Detectados 2 monitor(es) físicos
[2026-09-26T02:36:43.270Z] [INFO] Capturadas 9 fontes de vídeo (2 telas, 7 janelas)
[2026-09-26T02:36:43.289Z] [INFO] Capturadas 9 fontes de vídeo (2 telas, 7 janelas)
[2026-09-26T02:36:43.316Z] [INFO] Fonte de vídeo selecionada: screen:0:0
[2026-09-26T02:36:43.317Z] [INFO] Fonte de vídeo selecionada: screen:0:0
[2026-09-26T02:36:50.846Z] [DEBUG] Nova anotação adicionada: arrow (total: 1)
[2026-09-26T02:36:52.739Z] [DEBUG] Nova anotação adicionada: rect (total: 2)
[2026-09-26T02:36:53.991Z] [DEBUG] Nova anotação adicionada: circle (total: 3)
[2026-09-26T02:36:55.679Z] [DEBUG] Nova anotação adicionada: circle (total: 4)
[2026-09-26T02:36:57.068Z] [DEBUG] Nova anotação adicionada: circle (total: 5)
[2026-09-26T02:36:59.461Z] [DEBUG] Nova anotação adicionada: pen (total: 6)
[2026-09-26T02:37:01.006Z] [DEBUG] Nova anotação adicionada: pen (total: 7)
[2026-09-26T02:37:03.157Z] [DEBUG] Nova anotação adicionada: pen (total: 8)
[2026-09-26T02:37:06.766Z] [DEBUG] Nova anotação adicionada: pen (total: 9)
[2026-09-26T02:37:10.989Z] [INFO] Anotações limpas
[2026-09-26T02:37:18.126Z] [DEBUG] Nova anotação adicionada: highlighter (total: 1)
[2026-09-26T02:42:18.378Z] [DEBUG] Nova anotação adicionada: highlighter (total: 2)
[2026-09-26T02:42:20.702Z] [DEBUG] Nova anotação adicionada: arrow (total: 3)
[2026-09-26T02:42:21.156Z] [DEBUG] Nova anotação adicionada: arrow (total: 4)
[2026-09-26T02:42:21.370Z] [DEBUG] Nova anotação adicionada: arrow (total: 5)
[2026-09-26T02:42:21.591Z] [DEBUG] Nova anotação adicionada: arrow (total: 6)
[2026-09-26T02:42:21.804Z] [DEBUG] Nova anotação adicionada: arrow (total: 7)
[2026-09-26T02:42:22.012Z] [DEBUG] Nova anotação adicionada: arrow (total: 8)
[2026-09-26T02:42:22.252Z] [DEBUG] Nova anotação adicionada: arrow (total: 9)
[2026-09-26T02:43:15.227Z] [DEBUG] Nova anotação adicionada: text (total: 10)
[2026-09-26T02:44:32.437Z] [INFO] Modo Sniper iniciado pelo usuário em todos os monitores (Transparência: 70%)
[2026-09-26T02:44:34.001Z] [INFO] Região de recorte aplicada: 740x644 em (247, 135) displayId=3694042445
[2026-09-26T02:44:36.403Z] [INFO] Anotações limpas
[2026-09-26T02:44:39.987Z] [INFO] Modo Sniper iniciado pelo usuário em todos os monitores (Transparência: 70%)
[2026-09-26T02:44:44.560Z] [INFO] Região de recorte aplicada: 342x178 em (1556, 11) displayId=3953700089
[2026-09-26T02:44:44.561Z] [INFO] Alternando automaticamente fonte de captura para screen:1:0 (Monitor 2)
[2026-09-26T02:44:49.692Z] [INFO] Modo Sniper iniciado pelo usuário em todos os monitores (Transparência: 70%)
[2026-09-26T02:44:51.825Z] [INFO] Região de recorte aplicada: 815x825 em (216, 54) displayId=3694042445
[2026-09-26T02:44:51.826Z] [INFO] Alternando automaticamente fonte de captura para screen:0:0 (Monitor 1)
[2026-09-26T02:44:53.172Z] [INFO] Modo Sniper iniciado pelo usuário em todos os monitores (Transparência: 70%)
[2026-09-26T02:44:55.697Z] [INFO] Região de recorte aplicada: 682x737 em (414, 137) displayId=3694042445
[2026-09-26T02:44:57.644Z] [INFO] Modo Sniper iniciado pelo usuário em todos os monitores (Transparência: 70%)
[2026-09-26T02:44:58.776Z] [INFO] Região de recorte aplicada: 959x720 em (198, 46) displayId=3694042445
[2026-09-26T02:45:03.230Z] [INFO] Recorte resetado para tela inteira
[2026-09-26T02:45:14.924Z] [INFO] Fonte de vídeo selecionada: window:131820:0
[2026-09-26T02:45:27.141Z] [INFO] Fonte de vídeo selecionada: window:68142:0
[2026-09-26T02:46:03.324Z] [INFO] Modo Sniper iniciado pelo usuário em todos os monitores (Transparência: 70%)
[2026-09-26T02:46:09.729Z] [INFO] Região de recorte aplicada: 1140x633 em (48, 28) displayId=3694042445
[2026-09-26T02:46:09.729Z] [INFO] Alternando automaticamente fonte de captura para screen:0:0 (Monitor 1)
[2026-09-26T02:46:37.596Z] [INFO] Modo Sniper iniciado pelo usuário em todos os monitores (Transparência: 70%)
[2026-09-26T02:46:45.146Z] [INFO] Região de recorte aplicada: 1142x676 em (49, 26) displayId=3694042445
[2026-09-26T02:48:59.337Z] [WARN] Porta 3000 já em uso. Tentando porta 3001...
[2026-09-26T02:48:59.344Z] [INFO] Servidor Screen Shared ativo em http://169.254.83.107:3001/screen_shared
[2026-09-26T02:49:05.612Z] [INFO] Detectados 2 monitor(es) físicos
[2026-09-26T02:49:05.614Z] [INFO] Detectados 2 monitor(es) físicos
[2026-09-26T02:49:05.899Z] [INFO] Capturadas 8 fontes de vídeo (2 telas, 6 janelas)
[2026-09-26T02:49:05.925Z] [INFO] Capturadas 8 fontes de vídeo (2 telas, 6 janelas)
[2026-09-26T02:49:05.950Z] [INFO] Fonte de vídeo selecionada: screen:0:0
[2026-09-26T02:49:05.951Z] [INFO] Fonte de vídeo selecionada: screen:0:0
[2026-09-26T02:52:35.387Z] [WARN] Porta 3000 já em uso. Tentando porta 3001...
[2026-09-26T02:52:35.395Z] [INFO] Servidor Screen Shared ativo em http://169.254.83.107:3001/screen_shared
[2026-09-26T02:52:41.625Z] [INFO] Detectados 2 monitor(es) físicos
[2026-09-26T02:52:41.627Z] [INFO] Detectados 2 monitor(es) físicos
[2026-09-26T02:52:41.865Z] [INFO] Capturadas 8 fontes de vídeo (2 telas, 6 janelas)
[2026-09-26T02:52:41.890Z] [INFO] Capturadas 8 fontes de vídeo (2 telas, 6 janelas)
[2026-09-26T02:52:41.916Z] [INFO] Fonte de vídeo selecionada: screen:0:0
[2026-09-26T02:52:41.917Z] [INFO] Fonte de vídeo selecionada: screen:0:0
[2026-09-26T02:58:55.693Z] [INFO] Servidor Screen Shared ativo em http://169.254.83.107:9876/screen_shared
[2026-09-26T03:00:25.293Z] [INFO] Detectados 2 monitor(es) físicos
[2026-09-26T03:00:25.294Z] [INFO] Detectados 2 monitor(es) físicos
[2026-09-26T03:00:25.296Z] [INFO] Capturadas 2 fontes de vídeo (2 telas, 0 janelas)
[2026-09-26T03:00:25.297Z] [INFO] Capturadas 2 fontes de vídeo (2 telas, 0 janelas)
[2026-09-26T03:01:19.900Z] [INFO] Servidor Screen Shared ativo em http://169.254.83.107:9876/screen_shared
[2026-09-26T03:01:42.562Z] [WARN] Porta 3000 já em uso. Tentando porta 3001...
[2026-09-26T03:01:42.573Z] [INFO] Servidor Screen Shared ativo em http://169.254.83.107:3001/screen_shared
[2026-09-26T03:01:48.806Z] [INFO] Detectados 2 monitor(es) físicos
[2026-09-26T03:01:48.808Z] [INFO] Detectados 2 monitor(es) físicos
[2026-09-26T03:01:48.810Z] [INFO] Capturadas 2 fontes de vídeo (2 telas, 0 janelas)
[2026-09-26T03:01:48.810Z] [INFO] Capturadas 2 fontes de vídeo (2 telas, 0 janelas)
[2026-09-26T03:01:48.824Z] [INFO] Fonte de vídeo selecionada: screen:0:0
[2026-09-26T03:01:48.825Z] [INFO] Fonte de vídeo selecionada: screen:0:0
[2026-09-26T03:02:07.074Z] [WARN] Porta 3000 já em uso. Tentando porta 3001...
[2026-09-26T03:02:07.080Z] [WARN] Porta 3001 já em uso. Tentando porta 3002...
[2026-09-26T03:02:07.084Z] [INFO] Servidor Screen Shared ativo em http://169.254.83.107:3002/screen_shared
[2026-09-26T03:02:13.372Z] [INFO] Detectados 2 monitor(es) físicos
[2026-09-26T03:02:13.373Z] [INFO] Detectados 2 monitor(es) físicos
[2026-09-26T03:02:13.650Z] [INFO] Capturadas 8 fontes de vídeo (2 telas, 6 janelas)
[2026-09-26T03:02:13.673Z] [INFO] Capturadas 8 fontes de vídeo (2 telas, 6 janelas)
[2026-09-26T03:02:13.698Z] [INFO] Fonte de vídeo selecionada: screen:0:0
[2026-09-26T03:02:13.699Z] [INFO] Fonte de vídeo selecionada: screen:0:0
[2026-09-26T03:02:21.595Z] [INFO] Capturadas 8 fontes de vídeo (2 telas, 6 janelas)
[2026-09-26T03:03:23.986Z] [WARN] Porta 3000 já em uso. Tentando porta 3001...
[2026-09-26T03:03:23.991Z] [WARN] Porta 3001 já em uso. Tentando porta 3002...
[2026-09-26T03:03:23.994Z] [INFO] Servidor Screen Shared ativo em http://169.254.83.107:3002/screen_shared
[2026-09-26T03:03:30.246Z] [INFO] Detectados 2 monitor(es) físicos
[2026-09-26T03:03:30.248Z] [INFO] Detectados 2 monitor(es) físicos
[2026-09-26T03:03:30.509Z] [INFO] Capturadas 8 fontes de vídeo (2 telas, 6 janelas)
[2026-09-26T03:03:30.531Z] [INFO] Capturadas 8 fontes de vídeo (2 telas, 6 janelas)
[2026-09-26T03:03:30.555Z] [INFO] Fonte de vídeo selecionada: screen:0:0
[2026-09-26T03:03:30.556Z] [INFO] Fonte de vídeo selecionada: screen:0:0
[2026-09-26T03:03:37.854Z] [INFO] Fonte de vídeo selecionada: window:131820:0
[2026-09-26T03:03:41.989Z] [INFO] Fonte de vídeo selecionada: window:3737530:0
[2026-09-26T03:03:52.806Z] [DEBUG] Nova anotação adicionada: arrow (total: 1)
[2026-09-26T03:03:55.236Z] [INFO] Anotações limpas
[2026-09-26T03:03:59.317Z] [INFO] Fonte de vídeo selecionada: screen:0:0
[2026-09-26T08:38:45.208Z] [INFO] Servidor Screen Shared ativo em http://169.254.83.107:9876/screen_shared
[2026-09-26T08:39:34.210Z] [WARN] Porta 3000 já em uso. Tentando porta 3001...
[2026-09-26T08:39:34.218Z] [INFO] Servidor Screen Shared ativo em http://169.254.83.107:3001/screen_shared
[2026-09-26T08:39:40.480Z] [INFO] Detectados 2 monitor(es) físicos
[2026-09-26T08:39:40.482Z] [INFO] Detectados 2 monitor(es) físicos
[2026-09-26T08:39:40.485Z] [INFO] Capturadas 2 fontes de vídeo (2 telas, 0 janelas)
[2026-09-26T08:39:40.486Z] [INFO] Capturadas 2 fontes de vídeo (2 telas, 0 janelas)
[2026-09-26T08:39:40.500Z] [INFO] Fonte de vídeo selecionada: screen:0:0
[2026-09-26T08:39:40.501Z] [INFO] Fonte de vídeo selecionada: screen:0:0
[2026-09-26T08:54:08.319Z] [WARN] Porta 3000 já em uso. Tentando porta 3001...
[2026-09-26T08:54:08.324Z] [WARN] Porta 3001 já em uso. Tentando porta 3002...
[2026-09-26T08:54:08.335Z] [INFO] Servidor Screen Shared ativo em http://169.254.83.107:3002/screen_shared
[2026-09-26T08:54:14.580Z] [INFO] Detectados 2 monitor(es) físicos
[2026-09-26T08:54:14.581Z] [INFO] Detectados 2 monitor(es) físicos
[2026-09-26T08:54:14.877Z] [INFO] Capturadas 8 fontes de vídeo (2 telas, 6 janelas)
[2026-09-26T08:54:14.906Z] [INFO] Capturadas 8 fontes de vídeo (2 telas, 6 janelas)
[2026-09-26T08:54:14.933Z] [INFO] Fonte de vídeo selecionada: screen:0:0
[2026-09-26T08:54:14.934Z] [INFO] Fonte de vídeo selecionada: screen:0:0
[2026-09-26T08:58:41.528Z] [INFO] Detectados 2 monitor(es) físicos
[2026-09-26T08:58:41.529Z] [INFO] Detectados 2 monitor(es) físicos
[2026-09-26T08:58:41.535Z] [INFO] Capturadas 2 fontes de vídeo (2 telas, 0 janelas)
[2026-09-26T08:58:41.535Z] [INFO] Capturadas 2 fontes de vídeo (2 telas, 0 janelas)
[2026-09-26T08:58:41.551Z] [INFO] Fonte de vídeo selecionada: screen:0:0
[2026-09-26T08:58:41.552Z] [INFO] Fonte de vídeo selecionada: screen:0:0
[2026-09-26T08:58:41.988Z] [INFO] Detectados 2 monitor(es) físicos
[2026-09-26T08:58:41.990Z] [INFO] Detectados 2 monitor(es) físicos
[2026-09-26T08:58:41.994Z] [INFO] Capturadas 2 fontes de vídeo (2 telas, 0 janelas)
[2026-09-26T08:58:41.994Z] [INFO] Capturadas 2 fontes de vídeo (2 telas, 0 janelas)
[2026-09-26T08:58:42.014Z] [INFO] Fonte de vídeo selecionada: screen:0:0
[2026-09-26T08:58:42.015Z] [INFO] Fonte de vídeo selecionada: screen:0:0
[2026-09-26T08:59:36.195Z] [INFO] Detectados 2 monitor(es) físicos
[2026-09-26T08:59:36.198Z] [INFO] Detectados 2 monitor(es) físicos
[2026-09-26T08:59:36.202Z] [INFO] Capturadas 2 fontes de vídeo (2 telas, 0 janelas)
[2026-09-26T08:59:36.203Z] [INFO] Capturadas 2 fontes de vídeo (2 telas, 0 janelas)
[2026-09-26T08:59:36.260Z] [INFO] Fonte de vídeo selecionada: screen:0:0
[2026-09-26T08:59:36.261Z] [INFO] Fonte de vídeo selecionada: screen:0:0
[2026-09-26T08:59:36.411Z] [INFO] Detectados 2 monitor(es) físicos
[2026-09-26T08:59:36.413Z] [INFO] Detectados 2 monitor(es) físicos
[2026-09-26T08:59:36.415Z] [INFO] Capturadas 2 fontes de vídeo (2 telas, 0 janelas)
[2026-09-26T08:59:36.416Z] [INFO] Capturadas 2 fontes de vídeo (2 telas, 0 janelas)
[2026-09-26T08:59:36.430Z] [INFO] Fonte de vídeo selecionada: screen:0:0
[2026-09-26T08:59:36.431Z] [INFO] Fonte de vídeo selecionada: screen:0:0
[2026-09-26T09:00:07.485Z] [INFO] Solicitação de acesso web recebida: "Alyson" de 169.254.83.107
[2026-09-26T09:00:18.429Z] [INFO] Cliente web desconectou: "Alyson" (169.254.83.107)
[2026-09-26T09:01:28.751Z] [INFO] Servidor Screen Shared ativo em http://169.254.83.107:9876/screen_shared
[2026-09-26T09:02:03.708Z] [WARN] Porta 3000 já em uso. Tentando porta 3001...
[2026-09-26T09:02:03.715Z] [INFO] Servidor Screen Shared ativo em http://169.254.83.107:3001/screen_shared
[2026-09-26T09:02:05.250Z] [INFO] Detectados 2 monitor(es) físicos
[2026-09-26T09:02:05.252Z] [INFO] Detectados 2 monitor(es) físicos
[2026-09-26T09:02:05.254Z] [INFO] Capturadas 2 fontes de vídeo (2 telas, 0 janelas)
[2026-09-26T09:02:05.255Z] [INFO] Capturadas 2 fontes de vídeo (2 telas, 0 janelas)
[2026-09-26T09:02:05.270Z] [INFO] Fonte de vídeo selecionada: screen:0:0
[2026-09-26T09:02:05.271Z] [INFO] Fonte de vídeo selecionada: screen:0:0
[2026-09-26T09:03:10.304Z] [WARN] Porta 3000 já em uso. Tentando porta 3001...
[2026-09-26T09:03:10.308Z] [WARN] Porta 3001 já em uso. Tentando porta 3002...
[2026-09-26T09:03:10.310Z] [INFO] Servidor Screen Shared ativo em http://169.254.83.107:3002/screen_shared
[2026-09-26T09:03:16.520Z] [INFO] Detectados 2 monitor(es) físicos
[2026-09-26T09:03:16.522Z] [INFO] Detectados 2 monitor(es) físicos
[2026-09-26T09:03:16.773Z] [INFO] Capturadas 8 fontes de vídeo (2 telas, 6 janelas)
[2026-09-26T09:03:16.793Z] [INFO] Capturadas 8 fontes de vídeo (2 telas, 6 janelas)
[2026-09-26T09:03:16.817Z] [INFO] Fonte de vídeo selecionada: screen:0:0
[2026-09-26T09:03:16.818Z] [INFO] Fonte de vídeo selecionada: screen:0:0
[2026-09-26T09:04:24.314Z] [INFO] Solicitação de acesso web recebida: "Alyson" de 169.254.83.107
[2026-09-26T09:04:49.120Z] [INFO] Cliente web desconectou: "Alyson" (169.254.83.107)
[2026-09-26T09:04:53.636Z] [INFO] Solicitação de acesso web recebida: "Alyson" de 127.0.0.1
[2026-09-26T09:04:56.235Z] [INFO] Usuário web aprovado pelo host: "Alyson" (127.0.0.1)
[2026-09-26T09:05:33.302Z] [INFO] Capturadas 8 fontes de vídeo (2 telas, 6 janelas)
[2026-09-26T09:05:35.931Z] [INFO] Movendo janela do Visualizador para monitor 3953700089 (fullscreen=false)
[2026-09-26T09:05:41.437Z] [INFO] Fonte de vídeo selecionada: screen:1:0
[2026-09-26T09:05:42.364Z] [INFO] Fonte de vídeo selecionada: screen:0:0
[2026-09-26T09:09:34.980Z] [INFO] Servidor Screen Shared ativo em http://169.254.83.107:9876/screen_shared
[2026-09-26T09:10:41.948Z] [WARN] Porta 3000 já em uso. Tentando porta 3001...
[2026-09-26T09:10:41.953Z] [INFO] Servidor Screen Shared ativo em http://169.254.83.107:3001/screen_shared
[2026-09-26T09:10:43.447Z] [INFO] Detectados 2 monitor(es) físicos
[2026-09-26T09:10:43.449Z] [INFO] Detectados 2 monitor(es) físicos
[2026-09-26T09:10:43.452Z] [INFO] Capturadas 2 fontes de vídeo (2 telas, 0 janelas)
[2026-09-26T09:10:43.452Z] [INFO] Capturadas 2 fontes de vídeo (2 telas, 0 janelas)
[2026-09-26T09:10:43.469Z] [INFO] Fonte de vídeo selecionada: screen:0:0
[2026-09-26T09:10:43.470Z] [INFO] Fonte de vídeo selecionada: screen:0:0
[2026-09-26T09:11:36.323Z] [WARN] Porta 3000 já em uso. Tentando porta 3001...
[2026-09-26T09:11:36.327Z] [WARN] Porta 3001 já em uso. Tentando porta 3002...
[2026-09-26T09:11:36.330Z] [INFO] Servidor Screen Shared ativo em http://169.254.83.107:3002/screen_shared
[2026-09-26T09:11:42.517Z] [INFO] Detectados 2 monitor(es) físicos
[2026-09-26T09:11:42.518Z] [INFO] Detectados 2 monitor(es) físicos
[2026-09-26T09:11:42.790Z] [INFO] Capturadas 8 fontes de vídeo (2 telas, 6 janelas)
[2026-09-26T09:11:42.806Z] [INFO] Capturadas 8 fontes de vídeo (2 telas, 6 janelas)
[2026-09-26T09:11:42.825Z] [INFO] Fonte de vídeo selecionada: screen:0:0
[2026-09-26T09:11:42.825Z] [INFO] Fonte de vídeo selecionada: screen:0:0
